------------------------------------------------------------
Timing Analyzer Summary
------------------------------------------------------------

Type  : Slow 1200mV 85C Model Setup 'step'
Slack : -7.821
TNS   : -266.225

Type  : Slow 1200mV 85C Model Setup 'operador[0]'
Slack : -6.034
TNS   : -23.593

Type  : Slow 1200mV 85C Model Setup 'clk_i'
Slack : -4.217
TNS   : -265.105

Type  : Slow 1200mV 85C Model Setup 'clk_div:CLKDIS|clk_sig'
Slack : -1.851
TNS   : -7.404

Type  : Slow 1200mV 85C Model Setup 'clk_div:CLK10|clk_sig'
Slack : -1.776
TNS   : -6.122

Type  : Slow 1200mV 85C Model Hold 'step'
Slack : 0.401
TNS   : 0.000

Type  : Slow 1200mV 85C Model Hold 'clk_i'
Slack : 0.453
TNS   : 0.000

Type  : Slow 1200mV 85C Model Hold 'clk_div:CLKDIS|clk_sig'
Slack : 0.495
TNS   : 0.000

Type  : Slow 1200mV 85C Model Hold 'clk_div:CLK10|clk_sig'
Slack : 0.701
TNS   : 0.000

Type  : Slow 1200mV 85C Model Hold 'operador[0]'
Slack : 2.440
TNS   : 0.000

Type  : Slow 1200mV 85C Model Recovery 'step'
Slack : -1.836
TNS   : -10.011

Type  : Slow 1200mV 85C Model Removal 'step'
Slack : 1.034
TNS   : 0.000

Type  : Slow 1200mV 85C Model Minimum Pulse Width 'clk_i'
Slack : -3.000
TNS   : -159.135

Type  : Slow 1200mV 85C Model Minimum Pulse Width 'step'
Slack : -3.000
TNS   : -3.000

Type  : Slow 1200mV 85C Model Minimum Pulse Width 'clk_div:CLK10|clk_sig'
Slack : -1.487
TNS   : -5.948

Type  : Slow 1200mV 85C Model Minimum Pulse Width 'clk_div:CLKDIS|clk_sig'
Slack : -1.487
TNS   : -5.948

Type  : Slow 1200mV 85C Model Minimum Pulse Width 'operador[0]'
Slack : 0.421
TNS   : 0.000

Type  : Slow 1200mV 0C Model Setup 'step'
Slack : -7.290
TNS   : -248.823

Type  : Slow 1200mV 0C Model Setup 'operador[0]'
Slack : -5.665
TNS   : -22.169

Type  : Slow 1200mV 0C Model Setup 'clk_i'
Slack : -3.898
TNS   : -237.376

Type  : Slow 1200mV 0C Model Setup 'clk_div:CLKDIS|clk_sig'
Slack : -1.849
TNS   : -7.396

Type  : Slow 1200mV 0C Model Setup 'clk_div:CLK10|clk_sig'
Slack : -1.702
TNS   : -5.838

Type  : Slow 1200mV 0C Model Hold 'step'
Slack : 0.241
TNS   : 0.000

Type  : Slow 1200mV 0C Model Hold 'clk_i'
Slack : 0.401
TNS   : 0.000

Type  : Slow 1200mV 0C Model Hold 'clk_div:CLKDIS|clk_sig'
Slack : 0.457
TNS   : 0.000

Type  : Slow 1200mV 0C Model Hold 'clk_div:CLK10|clk_sig'
Slack : 0.614
TNS   : 0.000

Type  : Slow 1200mV 0C Model Hold 'operador[0]'
Slack : 2.374
TNS   : 0.000

Type  : Slow 1200mV 0C Model Recovery 'step'
Slack : -1.809
TNS   : -9.935

Type  : Slow 1200mV 0C Model Removal 'step'
Slack : 1.077
TNS   : 0.000

Type  : Slow 1200mV 0C Model Minimum Pulse Width 'clk_i'
Slack : -3.000
TNS   : -159.135

Type  : Slow 1200mV 0C Model Minimum Pulse Width 'step'
Slack : -3.000
TNS   : -3.000

Type  : Slow 1200mV 0C Model Minimum Pulse Width 'clk_div:CLK10|clk_sig'
Slack : -1.487
TNS   : -6.037

Type  : Slow 1200mV 0C Model Minimum Pulse Width 'clk_div:CLKDIS|clk_sig'
Slack : -1.487
TNS   : -5.948

Type  : Slow 1200mV 0C Model Minimum Pulse Width 'operador[0]'
Slack : 0.244
TNS   : 0.000

Type  : Fast 1200mV 0C Model Setup 'step'
Slack : -2.839
TNS   : -54.726

Type  : Fast 1200mV 0C Model Setup 'operador[0]'
Slack : -2.371
TNS   : -9.241

Type  : Fast 1200mV 0C Model Setup 'clk_i'
Slack : -1.486
TNS   : -58.982

Type  : Fast 1200mV 0C Model Setup 'clk_div:CLK10|clk_sig'
Slack : -0.824
TNS   : -2.910

Type  : Fast 1200mV 0C Model Setup 'clk_div:CLKDIS|clk_sig'
Slack : -0.740
TNS   : -2.960

Type  : Fast 1200mV 0C Model Hold 'step'
Slack : 0.163
TNS   : 0.000

Type  : Fast 1200mV 0C Model Hold 'clk_i'
Slack : 0.186
TNS   : 0.000

Type  : Fast 1200mV 0C Model Hold 'clk_div:CLKDIS|clk_sig'
Slack : 0.204
TNS   : 0.000

Type  : Fast 1200mV 0C Model Hold 'clk_div:CLK10|clk_sig'
Slack : 0.265
TNS   : 0.000

Type  : Fast 1200mV 0C Model Hold 'operador[0]'
Slack : 1.095
TNS   : 0.000

Type  : Fast 1200mV 0C Model Recovery 'step'
Slack : -0.063
TNS   : -0.123

Type  : Fast 1200mV 0C Model Removal 'step'
Slack : 0.185
TNS   : 0.000

Type  : Fast 1200mV 0C Model Minimum Pulse Width 'clk_i'
Slack : -3.000
TNS   : -114.845

Type  : Fast 1200mV 0C Model Minimum Pulse Width 'step'
Slack : -3.000
TNS   : -3.000

Type  : Fast 1200mV 0C Model Minimum Pulse Width 'clk_div:CLK10|clk_sig'
Slack : -1.000
TNS   : -4.000

Type  : Fast 1200mV 0C Model Minimum Pulse Width 'clk_div:CLKDIS|clk_sig'
Slack : -1.000
TNS   : -4.000

Type  : Fast 1200mV 0C Model Minimum Pulse Width 'operador[0]'
Slack : 0.316
TNS   : 0.000

------------------------------------------------------------
