------------------------------------------------------------
Timing Analyzer Summary
------------------------------------------------------------

Type  : Slow 1200mV 85C Model Setup 'estado.S3'
Slack : -12.398
TNS   : -777.753

Type  : Slow 1200mV 85C Model Setup 'estado.S1'
Slack : -12.210
TNS   : -815.660

Type  : Slow 1200mV 85C Model Setup 'operador[0]'
Slack : -10.603
TNS   : -614.839

Type  : Slow 1200mV 85C Model Setup 'dato1[0]'
Slack : -10.270
TNS   : -499.499

Type  : Slow 1200mV 85C Model Setup 'clk_div:CLK10|clk_sig'
Slack : -9.372
TNS   : -34.473

Type  : Slow 1200mV 85C Model Setup 'step'
Slack : -6.870
TNS   : -23.117

Type  : Slow 1200mV 85C Model Setup 'clk_i'
Slack : -4.127
TNS   : -252.099

Type  : Slow 1200mV 85C Model Setup 'clk_div:CLKDIS|clk_sig'
Slack : -1.789
TNS   : -7.156

Type  : Slow 1200mV 85C Model Hold 'dato1[0]'
Slack : -0.490
TNS   : -1.343

Type  : Slow 1200mV 85C Model Hold 'operador[0]'
Slack : -0.187
TNS   : -0.187

Type  : Slow 1200mV 85C Model Hold 'clk_i'
Slack : 0.452
TNS   : 0.000

Type  : Slow 1200mV 85C Model Hold 'clk_div:CLK10|clk_sig'
Slack : 0.485
TNS   : 0.000

Type  : Slow 1200mV 85C Model Hold 'clk_div:CLKDIS|clk_sig'
Slack : 0.495
TNS   : 0.000

Type  : Slow 1200mV 85C Model Hold 'step'
Slack : 1.305
TNS   : 0.000

Type  : Slow 1200mV 85C Model Hold 'estado.S3'
Slack : 1.696
TNS   : 0.000

Type  : Slow 1200mV 85C Model Hold 'estado.S1'
Slack : 2.373
TNS   : 0.000

Type  : Slow 1200mV 85C Model Minimum Pulse Width 'clk_i'
Slack : -3.000
TNS   : -159.135

Type  : Slow 1200mV 85C Model Minimum Pulse Width 'step'
Slack : -3.000
TNS   : -3.000

Type  : Slow 1200mV 85C Model Minimum Pulse Width 'clk_div:CLK10|clk_sig'
Slack : -1.487
TNS   : -5.948

Type  : Slow 1200mV 85C Model Minimum Pulse Width 'clk_div:CLKDIS|clk_sig'
Slack : -1.487
TNS   : -5.948

Type  : Slow 1200mV 85C Model Minimum Pulse Width 'operador[0]'
Slack : -0.609
TNS   : -14.737

Type  : Slow 1200mV 85C Model Minimum Pulse Width 'estado.S3'
Slack : 0.312
TNS   : 0.000

Type  : Slow 1200mV 85C Model Minimum Pulse Width 'dato1[0]'
Slack : 0.319
TNS   : 0.000

Type  : Slow 1200mV 85C Model Minimum Pulse Width 'estado.S1'
Slack : 0.363
TNS   : 0.000

Type  : Slow 1200mV 0C Model Setup 'estado.S3'
Slack : -11.915
TNS   : -741.778

Type  : Slow 1200mV 0C Model Setup 'estado.S1'
Slack : -11.634
TNS   : -766.734

Type  : Slow 1200mV 0C Model Setup 'operador[0]'
Slack : -10.305
TNS   : -599.124

Type  : Slow 1200mV 0C Model Setup 'dato1[0]'
Slack : -9.981
TNS   : -488.477

Type  : Slow 1200mV 0C Model Setup 'clk_div:CLK10|clk_sig'
Slack : -8.712
TNS   : -31.829

Type  : Slow 1200mV 0C Model Setup 'step'
Slack : -6.405
TNS   : -21.590

Type  : Slow 1200mV 0C Model Setup 'clk_i'
Slack : -3.872
TNS   : -225.196

Type  : Slow 1200mV 0C Model Setup 'clk_div:CLKDIS|clk_sig'
Slack : -1.831
TNS   : -7.324

Type  : Slow 1200mV 0C Model Hold 'dato1[0]'
Slack : -0.486
TNS   : -1.305

Type  : Slow 1200mV 0C Model Hold 'operador[0]'
Slack : -0.187
TNS   : -0.276

Type  : Slow 1200mV 0C Model Hold 'clk_i'
Slack : 0.401
TNS   : 0.000

Type  : Slow 1200mV 0C Model Hold 'clk_div:CLK10|clk_sig'
Slack : 0.430
TNS   : 0.000

Type  : Slow 1200mV 0C Model Hold 'clk_div:CLKDIS|clk_sig'
Slack : 0.458
TNS   : 0.000

Type  : Slow 1200mV 0C Model Hold 'step'
Slack : 1.284
TNS   : 0.000

Type  : Slow 1200mV 0C Model Hold 'estado.S3'
Slack : 1.499
TNS   : 0.000

Type  : Slow 1200mV 0C Model Hold 'estado.S1'
Slack : 2.104
TNS   : 0.000

Type  : Slow 1200mV 0C Model Minimum Pulse Width 'clk_i'
Slack : -3.000
TNS   : -159.135

Type  : Slow 1200mV 0C Model Minimum Pulse Width 'step'
Slack : -3.000
TNS   : -3.000

Type  : Slow 1200mV 0C Model Minimum Pulse Width 'clk_div:CLK10|clk_sig'
Slack : -1.487
TNS   : -5.948

Type  : Slow 1200mV 0C Model Minimum Pulse Width 'clk_div:CLKDIS|clk_sig'
Slack : -1.487
TNS   : -5.948

Type  : Slow 1200mV 0C Model Minimum Pulse Width 'operador[0]'
Slack : -0.770
TNS   : -41.583

Type  : Slow 1200mV 0C Model Minimum Pulse Width 'dato1[0]'
Slack : 0.030
TNS   : 0.000

Type  : Slow 1200mV 0C Model Minimum Pulse Width 'estado.S3'
Slack : 0.092
TNS   : 0.000

Type  : Slow 1200mV 0C Model Minimum Pulse Width 'estado.S1'
Slack : 0.308
TNS   : 0.000

Type  : Fast 1200mV 0C Model Setup 'estado.S3'
Slack : -5.312
TNS   : -300.985

Type  : Fast 1200mV 0C Model Setup 'estado.S1'
Slack : -5.028
TNS   : -341.538

Type  : Fast 1200mV 0C Model Setup 'operador[0]'
Slack : -4.462
TNS   : -216.738

Type  : Fast 1200mV 0C Model Setup 'dato1[0]'
Slack : -4.237
TNS   : -159.905

Type  : Fast 1200mV 0C Model Setup 'clk_div:CLK10|clk_sig'
Slack : -3.760
TNS   : -13.621

Type  : Fast 1200mV 0C Model Setup 'step'
Slack : -2.312
TNS   : -5.897

Type  : Fast 1200mV 0C Model Setup 'clk_i'
Slack : -1.282
TNS   : -53.083

Type  : Fast 1200mV 0C Model Setup 'clk_div:CLKDIS|clk_sig'
Slack : -0.747
TNS   : -2.988

Type  : Fast 1200mV 0C Model Hold 'dato1[0]'
Slack : -0.317
TNS   : -2.067

Type  : Fast 1200mV 0C Model Hold 'operador[0]'
Slack : -0.133
TNS   : -0.307

Type  : Fast 1200mV 0C Model Hold 'clk_i'
Slack : 0.186
TNS   : 0.000

Type  : Fast 1200mV 0C Model Hold 'clk_div:CLK10|clk_sig'
Slack : 0.201
TNS   : 0.000

Type  : Fast 1200mV 0C Model Hold 'clk_div:CLKDIS|clk_sig'
Slack : 0.204
TNS   : 0.000

Type  : Fast 1200mV 0C Model Hold 'step'
Slack : 0.409
TNS   : 0.000

Type  : Fast 1200mV 0C Model Hold 'estado.S1'
Slack : 0.686
TNS   : 0.000

Type  : Fast 1200mV 0C Model Hold 'estado.S3'
Slack : 0.768
TNS   : 0.000

Type  : Fast 1200mV 0C Model Minimum Pulse Width 'clk_i'
Slack : -3.000
TNS   : -114.285

Type  : Fast 1200mV 0C Model Minimum Pulse Width 'step'
Slack : -3.000
TNS   : -3.000

Type  : Fast 1200mV 0C Model Minimum Pulse Width 'clk_div:CLK10|clk_sig'
Slack : -1.000
TNS   : -4.000

Type  : Fast 1200mV 0C Model Minimum Pulse Width 'clk_div:CLKDIS|clk_sig'
Slack : -1.000
TNS   : -4.000

Type  : Fast 1200mV 0C Model Minimum Pulse Width 'operador[0]'
Slack : -0.096
TNS   : -1.307

Type  : Fast 1200mV 0C Model Minimum Pulse Width 'dato1[0]'
Slack : 0.144
TNS   : 0.000

Type  : Fast 1200mV 0C Model Minimum Pulse Width 'estado.S3'
Slack : 0.284
TNS   : 0.000

Type  : Fast 1200mV 0C Model Minimum Pulse Width 'estado.S1'
Slack : 0.387
TNS   : 0.000

------------------------------------------------------------
